// Jest Snapshot v1, https://goo.gl/fbAQLP

exports[`ListElement ListElement 1`] = `
<li
  className="list"
>
  <label
    className="label"
  >
    title
  </label>
  <input
    className="input"
    placeholder="enter title"
    type="text"
  />
</li>
`;
