// Jest Snapshot v1, https://goo.gl/fbAQLP

exports[`Footer 1`] = `
<footer
  className="footer"
>
  <section
    className="main-block footer-section"
  >
    <p
      className="footer-para"
    >
      @artifact.com 
      <span>
        2019
      </span>
    </p>
  </section>
</footer>
`;
