// Jest Snapshot v1, https://goo.gl/fbAQLP

exports[`snapshot testing should match the snapshot 1`] = `
<div
  className="img"
  style={
    Object {
      "backgroundImage": "url(outdoor.png)",
    }
  }
/>
`;
